// Jest Snapshot v1, https://goo.gl/fbAQLP

exports[`Tests of the Navbar component should render the Navbar component correctly 1`] = `undefined`;
